  Determining projects to restore...
  All projects are up-to-date for restore.
C:\Users\james\codingRepos\it15Repos\production_system\Components\Pages\Reports.razor(56,1): error RZ1006: The else block is missing a closing "}" character.  Make sure you have a matching "}" character for all the "{" characters within this block, and that none of the "}" characters are being interpreted as markup. [C:\Users\james\codingRepos\it15Repos\production_system\production_system.csproj]
C:\Users\james\codingRepos\it15Repos\production_system\Components\Pages\Reports.razor(78,5): error RZ9980: Unclosed tag 'div' with no matching end tag. [C:\Users\james\codingRepos\it15Repos\production_system\production_system.csproj]
C:\Users\james\codingRepos\it15Repos\production_system\Components\Pages\Reports.razor(78,6): error RZ1025: The "div" element was not closed.  All elements must be either self-closing or have a matching end tag. [C:\Users\james\codingRepos\it15Repos\production_system\production_system.csproj]
C:\Users\james\codingRepos\it15Repos\production_system\Components\Pages\Reports.razor(79,10): error RZ1006: The if block is missing a closing "}" character.  Make sure you have a matching "}" character for all the "{" characters within this block, and that none of the "}" characters are being interpreted as markup. [C:\Users\james\codingRepos\it15Repos\production_system\production_system.csproj]
C:\Users\james\codingRepos\it15Repos\production_system\Components\Pages\Reports.razor(171,9): error RZ9981: Unexpected closing tag 'div' with no matching start tag. [C:\Users\james\codingRepos\it15Repos\production_system\production_system.csproj]
C:\Users\james\codingRepos\it15Repos\production_system\Components\Pages\Reports.razor(171,11): error RZ1026: Encountered end tag "div" with no matching start tag.  Are your start/end tags properly balanced? [C:\Users\james\codingRepos\it15Repos\production_system\production_system.csproj]
C:\Users\james\codingRepos\it15Repos\production_system\Components\Pages\Reports.razor(174,10): error RZ1006: The if block is missing a closing "}" character.  Make sure you have a matching "}" character for all the "{" characters within this block, and that none of the "}" characters are being interpreted as markup. [C:\Users\james\codingRepos\it15Repos\production_system\production_system.csproj]
C:\Users\james\codingRepos\it15Repos\production_system\Components\Pages\Reports.razor(274,9): error RZ9981: Unexpected closing tag 'div' with no matching start tag. [C:\Users\james\codingRepos\it15Repos\production_system\production_system.csproj]
C:\Users\james\codingRepos\it15Repos\production_system\Components\Pages\Reports.razor(274,11): error RZ1026: Encountered end tag "div" with no matching start tag.  Are your start/end tags properly balanced? [C:\Users\james\codingRepos\it15Repos\production_system\production_system.csproj]
C:\Users\james\codingRepos\it15Repos\production_system\Components\Pages\Reports.razor(277,10): error RZ1006: The if block is missing a closing "}" character.  Make sure you have a matching "}" character for all the "{" characters within this block, and that none of the "}" characters are being interpreted as markup. [C:\Users\james\codingRepos\it15Repos\production_system\production_system.csproj]
C:\Users\james\codingRepos\it15Repos\production_system\Components\Pages\Reports.razor(414,9): error RZ9981: Unexpected closing tag 'div' with no matching start tag. [C:\Users\james\codingRepos\it15Repos\production_system\production_system.csproj]
C:\Users\james\codingRepos\it15Repos\production_system\Components\Pages\Reports.razor(414,11): error RZ1026: Encountered end tag "div" with no matching start tag.  Are your start/end tags properly balanced? [C:\Users\james\codingRepos\it15Repos\production_system\production_system.csproj]
C:\Users\james\codingRepos\it15Repos\production_system\Components\Pages\Reports.razor(540,9): error RZ9981: Unexpected closing tag 'div' with no matching start tag. [C:\Users\james\codingRepos\it15Repos\production_system\production_system.csproj]
C:\Users\james\codingRepos\it15Repos\production_system\Components\Pages\Reports.razor(540,11): error RZ1026: Encountered end tag "div" with no matching start tag.  Are your start/end tags properly balanced? [C:\Users\james\codingRepos\it15Repos\production_system\production_system.csproj]
C:\Users\james\codingRepos\it15Repos\production_system\Components\Pages\Reports.razor(541,5): error RZ9981: Unexpected closing tag 'div' with no matching start tag. [C:\Users\james\codingRepos\it15Repos\production_system\production_system.csproj]
C:\Users\james\codingRepos\it15Repos\production_system\Components\Pages\Reports.razor(541,7): error RZ1026: Encountered end tag "div" with no matching start tag.  Are your start/end tags properly balanced? [C:\Users\james\codingRepos\it15Repos\production_system\production_system.csproj]
C:\Users\james\codingRepos\it15Repos\production_system\obj\Debug\net10.0\Microsoft.CodeAnalysis.Razor.Compiler\Microsoft.NET.Sdk.Razor.SourceGenerators.RazorSourceGenerator\Components\Pages\Reports_razor.g.cs(2311,10): error CS1513: } expected [C:\Users\james\codingRepos\it15Repos\production_system\production_system.csproj]
C:\Users\james\codingRepos\it15Repos\production_system\Components\Pages\Admin\SystemConfig.razor(329,60): warning CS8601: Possible null reference assignment. [C:\Users\james\codingRepos\it15Repos\production_system\production_system.csproj]
C:\Users\james\codingRepos\it15Repos\production_system\Components\Pages\Admin\SystemConfig.razor(335,61): warning CS8601: Possible null reference assignment. [C:\Users\james\codingRepos\it15Repos\production_system\production_system.csproj]
C:\Users\james\codingRepos\it15Repos\production_system\Data\DbInitializer.cs(212,44): warning EF1002: Method 'ExecuteSqlRawAsync' inserts interpolated strings directly into the SQL, without any protection against SQL injection. Consider using 'ExecuteSqlAsync' instead, which protects against SQL injection, or make sure that the value is sanitized and suppress the warning. [C:\Users\james\codingRepos\it15Repos\production_system\production_system.csproj]
C:\Users\james\codingRepos\it15Repos\production_system\Data\DbInitializer.cs(216,44): warning EF1002: Method 'ExecuteSqlRawAsync' inserts interpolated strings directly into the SQL, without any protection against SQL injection. Consider using 'ExecuteSqlAsync' instead, which protects against SQL injection, or make sure that the value is sanitized and suppress the warning. [C:\Users\james\codingRepos\it15Repos\production_system\production_system.csproj]
C:\Users\james\codingRepos\it15Repos\production_system\Data\DbInitializer.cs(217,44): warning EF1002: Method 'ExecuteSqlRawAsync' inserts interpolated strings directly into the SQL, without any protection against SQL injection. Consider using 'ExecuteSqlAsync' instead, which protects against SQL injection, or make sure that the value is sanitized and suppress the warning. [C:\Users\james\codingRepos\it15Repos\production_system\production_system.csproj]

Build FAILED.

C:\Users\james\codingRepos\it15Repos\production_system\Components\Pages\Admin\SystemConfig.razor(329,60): warning CS8601: Possible null reference assignment. [C:\Users\james\codingRepos\it15Repos\production_system\production_system.csproj]
C:\Users\james\codingRepos\it15Repos\production_system\Components\Pages\Admin\SystemConfig.razor(335,61): warning CS8601: Possible null reference assignment. [C:\Users\james\codingRepos\it15Repos\production_system\production_system.csproj]
C:\Users\james\codingRepos\it15Repos\production_system\Data\DbInitializer.cs(212,44): warning EF1002: Method 'ExecuteSqlRawAsync' inserts interpolated strings directly into the SQL, without any protection against SQL injection. Consider using 'ExecuteSqlAsync' instead, which protects against SQL injection, or make sure that the value is sanitized and suppress the warning. [C:\Users\james\codingRepos\it15Repos\production_system\production_system.csproj]
C:\Users\james\codingRepos\it15Repos\production_system\Data\DbInitializer.cs(216,44): warning EF1002: Method 'ExecuteSqlRawAsync' inserts interpolated strings directly into the SQL, without any protection against SQL injection. Consider using 'ExecuteSqlAsync' instead, which protects against SQL injection, or make sure that the value is sanitized and suppress the warning. [C:\Users\james\codingRepos\it15Repos\production_system\production_system.csproj]
C:\Users\james\codingRepos\it15Repos\production_system\Data\DbInitializer.cs(217,44): warning EF1002: Method 'ExecuteSqlRawAsync' inserts interpolated strings directly into the SQL, without any protection against SQL injection. Consider using 'ExecuteSqlAsync' instead, which protects against SQL injection, or make sure that the value is sanitized and suppress the warning. [C:\Users\james\codingRepos\it15Repos\production_system\production_system.csproj]
C:\Users\james\codingRepos\it15Repos\production_system\Components\Pages\Reports.razor(56,1): error RZ1006: The else block is missing a closing "}" character.  Make sure you have a matching "}" character for all the "{" characters within this block, and that none of the "}" characters are being interpreted as markup. [C:\Users\james\codingRepos\it15Repos\production_system\production_system.csproj]
C:\Users\james\codingRepos\it15Repos\production_system\Components\Pages\Reports.razor(78,5): error RZ9980: Unclosed tag 'div' with no matching end tag. [C:\Users\james\codingRepos\it15Repos\production_system\production_system.csproj]
C:\Users\james\codingRepos\it15Repos\production_system\Components\Pages\Reports.razor(78,6): error RZ1025: The "div" element was not closed.  All elements must be either self-closing or have a matching end tag. [C:\Users\james\codingRepos\it15Repos\production_system\production_system.csproj]
C:\Users\james\codingRepos\it15Repos\production_system\Components\Pages\Reports.razor(79,10): error RZ1006: The if block is missing a closing "}" character.  Make sure you have a matching "}" character for all the "{" characters within this block, and that none of the "}" characters are being interpreted as markup. [C:\Users\james\codingRepos\it15Repos\production_system\production_system.csproj]
C:\Users\james\codingRepos\it15Repos\production_system\Components\Pages\Reports.razor(171,9): error RZ9981: Unexpected closing tag 'div' with no matching start tag. [C:\Users\james\codingRepos\it15Repos\production_system\production_system.csproj]
C:\Users\james\codingRepos\it15Repos\production_system\Components\Pages\Reports.razor(171,11): error RZ1026: Encountered end tag "div" with no matching start tag.  Are your start/end tags properly balanced? [C:\Users\james\codingRepos\it15Repos\production_system\production_system.csproj]
C:\Users\james\codingRepos\it15Repos\production_system\Components\Pages\Reports.razor(174,10): error RZ1006: The if block is missing a closing "}" character.  Make sure you have a matching "}" character for all the "{" characters within this block, and that none of the "}" characters are being interpreted as markup. [C:\Users\james\codingRepos\it15Repos\production_system\production_system.csproj]
C:\Users\james\codingRepos\it15Repos\production_system\Components\Pages\Reports.razor(274,9): error RZ9981: Unexpected closing tag 'div' with no matching start tag. [C:\Users\james\codingRepos\it15Repos\production_system\production_system.csproj]
C:\Users\james\codingRepos\it15Repos\production_system\Components\Pages\Reports.razor(274,11): error RZ1026: Encountered end tag "div" with no matching start tag.  Are your start/end tags properly balanced? [C:\Users\james\codingRepos\it15Repos\production_system\production_system.csproj]
C:\Users\james\codingRepos\it15Repos\production_system\Components\Pages\Reports.razor(277,10): error RZ1006: The if block is missing a closing "}" character.  Make sure you have a matching "}" character for all the "{" characters within this block, and that none of the "}" characters are being interpreted as markup. [C:\Users\james\codingRepos\it15Repos\production_system\production_system.csproj]
C:\Users\james\codingRepos\it15Repos\production_system\Components\Pages\Reports.razor(414,9): error RZ9981: Unexpected closing tag 'div' with no matching start tag. [C:\Users\james\codingRepos\it15Repos\production_system\production_system.csproj]
C:\Users\james\codingRepos\it15Repos\production_system\Components\Pages\Reports.razor(414,11): error RZ1026: Encountered end tag "div" with no matching start tag.  Are your start/end tags properly balanced? [C:\Users\james\codingRepos\it15Repos\production_system\production_system.csproj]
C:\Users\james\codingRepos\it15Repos\production_system\Components\Pages\Reports.razor(540,9): error RZ9981: Unexpected closing tag 'div' with no matching start tag. [C:\Users\james\codingRepos\it15Repos\production_system\production_system.csproj]
C:\Users\james\codingRepos\it15Repos\production_system\Components\Pages\Reports.razor(540,11): error RZ1026: Encountered end tag "div" with no matching start tag.  Are your start/end tags properly balanced? [C:\Users\james\codingRepos\it15Repos\production_system\production_system.csproj]
C:\Users\james\codingRepos\it15Repos\production_system\Components\Pages\Reports.razor(541,5): error RZ9981: Unexpected closing tag 'div' with no matching start tag. [C:\Users\james\codingRepos\it15Repos\production_system\production_system.csproj]
C:\Users\james\codingRepos\it15Repos\production_system\Components\Pages\Reports.razor(541,7): error RZ1026: Encountered end tag "div" with no matching start tag.  Are your start/end tags properly balanced? [C:\Users\james\codingRepos\it15Repos\production_system\production_system.csproj]
C:\Users\james\codingRepos\it15Repos\production_system\obj\Debug\net10.0\Microsoft.CodeAnalysis.Razor.Compiler\Microsoft.NET.Sdk.Razor.SourceGenerators.RazorSourceGenerator\Components\Pages\Reports_razor.g.cs(2311,10): error CS1513: } expected [C:\Users\james\codingRepos\it15Repos\production_system\production_system.csproj]
    5 Warning(s)
    17 Error(s)

Time Elapsed 00:00:08.50
