  Determining projects to restore...
  All projects are up-to-date for restore.
C:\Users\james\codingRepos\it15Repos\production_system\Components\Account\Pages\Login.razor(18,1): error RZ9980: Unclosed tag 'div' with no matching end tag. [C:\Users\james\codingRepos\it15Repos\production_system\production_system.csproj]

Build FAILED.

C:\Users\james\codingRepos\it15Repos\production_system\Components\Account\Pages\Login.razor(18,1): error RZ9980: Unclosed tag 'div' with no matching end tag. [C:\Users\james\codingRepos\it15Repos\production_system\production_system.csproj]
    0 Warning(s)
    1 Error(s)

Time Elapsed 00:00:19.02
